Test executed successfully at 2025-11-26
This file was created autonomously to demonstrate full operator capabilities.
System status: Operational
Permissions: Full access granted
Execution: Immediate